task:
  name: test
  container:
    image: node:latest
    cpu: 2
    memory: 4096
  node_modules_cache:
    folder: node_modules
    fingerprint_script:
      - cat yarn.lock
    populate_script:
      - yarn install
  test_script:
    - yarn run test
